// Jest Snapshot v1, https://goo.gl/fbAQLP

exports[`Header Component should render correctly 1`] = `
<div>
  <header
    class="header"
  >
    <div
      class="navbar"
    >
      <div
        class="container"
      >
        <div
          class="logo"
        >
          <h1>
            LUMIN
          </h1>
        </div>
        <nav
          class="nav"
        >
          <ul
            class="nav-list left-nav"
          >
            <li>
              Shop
            </li>
            <li>
              Learn
            </li>
          </ul>
          <ul
            class="nav-list right-nav"
          >
            <li>
              Account
            </li>
            <li>
              Cart
            </li>
          </ul>
        </nav>
      </div>
    </div>
    <div
      class="container mt-2"
    >
      <div
        class="page-head"
      >
        <div
          class="page-title"
        >
          <h1
            class="title-1"
          >
            All Products
          </h1>
          <p
            class="mt-small"
          >
            A 360
            <sup>
              o 
            </sup>
            look at Lumin
          </p>
        </div>
        <div
          class="filter-bar"
        >
          <select
            class=""
            name="filter"
          >
            <option
              disabled=""
            >
              Filter by
            </option>
          </select>
        </div>
      </div>
    </div>
  </header>
</div>
`;
